webHookServer:
  port: 8443
injector:
  controlPlane:
    xdsServer:
      address: konvoy-control-plane.konvoy-system
      port: 5678
    apiServer:
      url: https://konvoy-control-plane.konvoy-system:5681
  sidecarContainer:
    image: konvoy/konvoy-dataplane:latest
    redirectPort: 15001
    uid: 5678
    gid: 5678
    adminPort: 9901
  initContainer:
    image: docker.io/istio/proxy_init:1.1.2
