contexts:
- controlPlane: example
  name: example
controlPlanes:
- coordinates:
    apiServer:
      url: http://placeholder-address
  name: example
currentContext: example
